cargo :    Compiling 
zero_protocol v0.1.0 
(C:\Users\Revanth\Dow
nloads\Zero Protocol\
zero_protocol)
At line:1 char:1
+ cargo test --test 
dht_mailbox_test > 
test_error.log 2>&1
+ ~~~~~~~~~~~~~~~~~~~
~~~~~~~~~~~~~~~~~~~~~
~~~~~~~~~~~~~~~~
    + CategoryInfo   
           : NotSpe  
  cified: (   Comp   
 iling ze...\zero    
_protocol):Strin    
g) [], RemoteExc    
eption
    + FullyQualified 
   ErrorId : Native  
  CommandError
 
warning: unused 
imports: 
`MAILBOX_SLOTS`, `che
ck_offline_inbox`, 
and `self`
 --> zero_protocol\te
sts\dht_mailbox_test.
rs:6:5
  |
6 |     self, 
MAILBOX_SLOTS, 
build_swarm, 
check_offline_inbox, 
derive_mailbox_key, 
send_offline_message,
  |     ^^^^  
^^^^^^^^^^^^^        
       
^^^^^^^^^^^^^^^^^^^
  |
  = note: `#[warn(unu
sed_imports)]` on by 
default

error[E0308]: 
mismatched types
  --> zero_protocol\t
ests\dht_mailbox_test
.rs:97:62
   |
97 | ...t::Behaviour(
ZeroBehaviour { 
kademlia: libp2p::kad
::Event::OutboundQuer
yProgressed { id, 
result, .. }, .. }) 
= event {
   |                 
^^^^^^^^^^^^^^^^^^^^^
^^^^^^^^^^^^^^^^^^^^^
^^^^^^^^^^^^^^^^^^^^^
^^^^^^^^^^^^^^^^^^^^^
^^^^^^^^^^    ----- 
this expression has 
type `SwarmEvent<Zero
BehaviourEvent>`
   |                 
|
   |                 
expected `ZeroBehavio
urEvent`, found 
`ZeroBehaviour`

error[E0308]: 
mismatched types
  --> zero_protocol\t
ests\dht_mailbox_test
.rs:97:88
   |
97 | ...oBehaviour { 
kademlia: libp2p::kad
::Event::OutboundQuer
yProgressed { id, 
result, .. }, .. }) 
= event {
   |                 
          ^^^^^^^^^^^
^^^^^^^^^^^^^^^^^^^^^
^^^^^^^^^^^^^^^^^^^^^
^^^^^^^^^          
----- this 
expression has type `
SwarmEvent<ZeroBehavi
ourEvent>`
   |                 
          |
   |                 
          expected `B
ehaviour<MemoryStore>
`, found `Event`
   |
   = note: expected 
struct `libp2p::libp2
p_kad::Behaviour<Memo
ryStore>`
                
found enum `libp2p::l
ibp2p_kad::Event`

For more information 
about this error, 
try `rustc --explain 
E0308`.
warning: 
`zero_protocol` 
(test 
"dht_mailbox_test") 
generated 1 warning
error: could not 
compile 
`zero_protocol` 
(test 
"dht_mailbox_test") 
due to 2 previous 
errors; 1 warning 
emitted
